19:55:37 WARNING modellab.model: unpickling a full model from /kaggle/working/modellab/workspace/model_artifacts/artifact_70a4d69f26e74815bb92bd516e49dcf8/best2wswwsdass2ws.pt, only do this for files you trust
Traceback (most recent call last):
  File "/kaggle/working/modellab/src/modellab/evaluation/detection_engine.py", line 393, in run_detection_evaluation
    raw = model.model(batch)
  File "/usr/local/lib/python3.13/dist-packages/torch/nn/modules/module.py", line 1779, in _wrapped_call_impl
    return self._call_impl(*args, **kwargs)
           ~~~~~~~~~~~~~~~^^^^^^^^^^^^^^^^^
  File "/usr/local/lib/python3.13/dist-packages/torch/nn/modules/module.py", line 1790, in _call_impl
    return forward_call(*args, **kwargs)
  File "/usr/local/lib/python3.13/dist-packages/ultralytics/nn/tasks.py", line 162, in forward
    return self.predict(x, *args, **kwargs)
           ~~~~~~~~~~~~^^^^^^^^^^^^^^^^^^^^
  File "/usr/local/lib/python3.13/dist-packages/ultralytics/nn/tasks.py", line 179, in predict
    return self._predict_once(x, profile, embed)
           ~~~~~~~~~~~~~~~~~~^^^^^^^^^^^^^^^^^^^
  File "/usr/local/lib/python3.13/dist-packages/ultralytics/nn/tasks.py", line 201, in _predict_once
    x = m(x)  # run
  File "/usr/local/lib/python3.13/dist-packages/torch/nn/modules/module.py", line 1779, in _wrapped_call_impl
    return self._call_impl(*args, **kwargs)
           ~~~~~~~~~~~~~~~^^^^^^^^^^^^^^^^^
  File "/usr/local/lib/python3.13/dist-packages/torch/nn/modules/module.py", line 1790, in _call_impl
    return forward_call(*args, **kwargs)
  File "/usr/local/lib/python3.13/dist-packages/ultralytics/nn/modules/conv.py", line 87, in forward
    return self.act(self.bn(self.conv(x)))
                            ~~~~~~~~~^^^
  File "/usr/local/lib/python3.13/dist-packages/torch/nn/modules/module.py", line 1779, in _wrapped_call_impl
    return self._call_impl(*args, **kwargs)
           ~~~~~~~~~~~~~~~^^^^^^^^^^^^^^^^^
  File "/usr/local/lib/python3.13/dist-packages/torch/nn/modules/module.py", line 1790, in _call_impl
    return forward_call(*args, **kwargs)
  File "/usr/local/lib/python3.13/dist-packages/torch/nn/modules/conv.py", line 553, in forward
    return self._conv_forward(input, self.weight, self.bias)
           ~~~~~~~~~~~~~~~~~~^^^^^^^^^^^^^^^^^^^^^^^^^^^^^^^
  File "/usr/local/lib/python3.13/dist-packages/torch/nn/modules/conv.py", line 548, in _conv_forward
    return F.conv2d(
           ~~~~~~~~^
        input, weight, bias, self.stride, self.padding, self.dilation, self.groups
        ^^^^^^^^^^^^^^^^^^^^^^^^^^^^^^^^^^^^^^^^^^^^^^^^^^^^^^^^^^^^^^^^^^^^^^^^^^
    )
    ^
RuntimeError: Input type (torch.cuda.FloatTensor) and weight type (torch.cuda.HalfTensor) should be the same

The above exception was the direct cause of the following exception:

Traceback (most recent call last):
  File "/kaggle/working/modellab/src/modellab/server/jobs.py", line 96, in _run
    update = {"status": "completed", "result": fn()}
                                               ~~^^
  File "/kaggle/working/modellab/src/modellab/server/app.py", line 436, in <lambda>
    return enqueue("evaluation", params, lambda: services.evaluate(ws, cache, store, params), wait, timeout)
                                                 ~~~~~~~~~~~~~~~~~^^^^^^^^^^^^^^^^^^^^^^^^^^
  File "/kaggle/working/modellab/src/modellab/server/services.py", line 143, in evaluate
    result = run_detection_evaluation(
        model=model,
    ...<3 lines>...
        evaluation_id=p.get("evaluation_id"),
    )
  File "/kaggle/working/modellab/src/modellab/evaluation/detection_engine.py", line 395, in run_detection_evaluation
    raise EvaluationError(
    ...<2 lines>...
    ) from exc
modellab.core.errors.EvaluationError: detection model forward failed on input (32, 3, 224, 224): Input type (torch.cuda.FloatTensor) and weight type (torch.cuda.HalfTensor) should be the same

